    1  sudo groupadd students
    2  sudo useradd -m -u 1234 -G students user1
    3  sudo passwd user1
    4  sudo chage -M 90 user1
    5  id user1
    6  sudo chage -l user1
    7  sudo find / -perm -4000 -fprintf ~/suid.txt '%#m %u %p\n' 2>/dev/null
    8  ps -eo pid,ruser,euser,comm | awk '$3=="root" && $2!="root"'
    9  ps -eo pid,ruser,euser,comm | awk '$3=="root" && $2!="root"' > ~/ps.txt
   10  sudo -u user1 cat /etc/shadow 
   11  sudo -u user1 cat /etc/passwd
   12  sudo cp /usr/bin/cat /home/user1/mycat
   13  sudo chown root:root /home/user1/mycat
   14  sudo chmod 4755 /home/user1/mycat
   15  ls -l /home/user1/mycat
   16  sudo ls -l /home/user1/mycat
   17  sudo -u user1 cat /etc/shadow
   18  sudo -u user1 /home/user1/mycat /etc/shadow
   19  sudo cp /usr/bin/chown /home/user1/mychown
   20  sudo setcap cap_chown+ep /home/user1/mychown
   21  sudo getcap /home/user1/mychown
   22  sudo ls -l /home/user1/mychown
   23  sudo -u user1 touch /home/user1/test.txt
   24  sudo -u user1 chown root /home/user1/test.txt
   25  sudo -u user1 /home/user1/mychown root /home/user1/test.txt
   26  sudo ll /home/user1/test.txt
   27  sudo ls -l /home/user1/test.txt
   28  sudo EDITOR=nano visudo
   29  sudo timedatectl set-ntp false
   30  su - user1
   31  echo "265995"
   32  stat /home/user1 > ~/stat.out
   33  sudo stat /home/user1/mycat >> ~/stat.out
   34  sudo stat /home/user1/mychown >> ~/stat.out
   35  sudo getcap /home/user1/mychown > ~/getcap.out
   36  history > ~/history.out
