  Файл: /home/user1
  Размер: 4096      	Блоков: 8          Блок В/В: 4096   каталог
Устройство: 259/4	Инода: 1838622     Ссылки: 2
Доступ: (0700/drwx------)  Uid: ( 1234/   user1)   Gid: ( 1234/   user1)
Контекст: unconfined_u:object_r:user_home_dir_t:s0
Доступ:        2026-10-05 10:34:50.735610144 +0300
Модифицирован: 2026-10-01 12:00:13.096562646 +0300
Изменён:       2026-10-01 12:00:13.096562646 +0300
Создан:        2026-10-05 10:23:13.806687051 +0300
  Файл: /home/user1/mycat
  Размер: 36568     	Блоков: 72         Блок В/В: 4096   обычный файл
Устройство: 259/4	Инода: 1838621     Ссылки: 1
Доступ: (4755/-rwsr-xr-x)  Uid: (    0/    root)   Gid: (    0/    root)
Контекст: unconfined_u:object_r:user_home_t:s0
Доступ:        2026-10-05 10:58:53.618614375 +0300
Модифицирован: 2026-10-05 10:55:11.400084465 +0300
Изменён:       2026-10-05 10:56:13.509512071 +0300
Создан:        2026-10-05 10:55:11.399084458 +0300
  Файл: /home/user1/mychown
  Размер: 65840     	Блоков: 144        Блок В/В: 4096   обычный файл
Устройство: 259/4	Инода: 1838687     Ссылки: 1
Доступ: (0755/-rwxr-xr-x)  Uid: (    0/    root)   Gid: (    0/    root)
Контекст: unconfined_u:object_r:user_home_t:s0
Доступ:        2026-10-05 11:14:41.073162530 +0300
Модифицирован: 2026-10-05 11:12:43.291348304 +0300
Изменён:       2026-10-05 11:13:01.392473442 +0300
Создан:        2026-10-05 11:12:43.290348297 +0300
